  Camera.cpp
  d3dApp.cpp
E:\GameEngine\LulludensEngine\Common\d3dApp.cpp(199,5): error C2102: '&'에 l-value가 있어야 합니다.
  d3dUtil.cpp
E:\GameEngine\LulludensEngine\Common\d3dApp.cpp(216,72): error C2102: '&'에 l-value가 있어야 합니다.
E:\GameEngine\LulludensEngine\Common\d3dApp.cpp(547,24): error C2664: 'HANDLE CreateEventExW(LPSECURITY_ATTRIBUTES,LPCWSTR,DWORD,DWORD)': 인수 2을(를) 'bool'에서 'LPCWSTR'(으)로 변환할 수 없습니다.
      E:\GameEngine\LulludensEngine\Common\d3dApp.cpp(547,47):
      정수 계열 형식에서 포인터 형식으로 변환하려면 reinterpret_cast, C 스타일 캐스트 또는 괄호가 있는 함수 스타일 캐스트가 필요합니다.
      C:\Program Files (x86)\Windows Kits\10\Include\10.0.26100.0\um\synchapi.h(609,1):
      'CreateEventExW' 선언을 참조하십시오.
      E:\GameEngine\LulludensEngine\Common\d3dApp.cpp(547,24):
      인수 목록 '(nullptr, bool, bool, long)'을(를) 일치시키는 동안
  
E:\GameEngine\LulludensEngine\Common\d3dUtil.cpp(48,5): error C2102: '&'에 l-value가 있어야 합니다.
E:\GameEngine\LulludensEngine\Common\d3dUtil.cpp(58,5): error C2102: '&'에 l-value가 있어야 합니다.
E:\GameEngine\LulludensEngine\Common\d3dUtil.cpp(76,67): error C2102: '&'에 l-value가 있어야 합니다.
E:\GameEngine\LulludensEngine\Common\d3dUtil.cpp(79,67): error C2102: '&'에 l-value가 있어야 합니다.
  DDSTextureLoader.cpp
E:\GameEngine\LulludensEngine\Common\DDSTextureLoader.cpp(1273,28): error C2102: '&'에 l-value가 있어야 합니다.
E:\GameEngine\LulludensEngine\Common\DDSTextureLoader.cpp(1292,29): error C2102: '&'에 l-value가 있어야 합니다.
E:\GameEngine\LulludensEngine\Common\DDSTextureLoader.cpp(1294,35): error C2102: '&'에 l-value가 있어야 합니다.
E:\GameEngine\LulludensEngine\Common\DDSTextureLoader.cpp(1305,70): error C2102: '&'에 l-value가 있어야 합니다.
E:\GameEngine\LulludensEngine\Common\DDSTextureLoader.cpp(1311,70): error C2102: '&'에 l-value가 있어야 합니다.
  GameTimer.cpp
  GeometryGenerator.cpp
  MathHelper.cpp
  FrameResource.cpp
E:\GameEngine\LulludensEngine\Common\UploadBuffer.h(24,9): error C2102: '&'에 l-value가 있어야 합니다.
  (소스 파일 'FrameResource.cpp'을(를) 컴파일하는 중)
      E:\GameEngine\LulludensEngine\Common\UploadBuffer.h(24,9):
      템플릿 인스턴스화 컨텍스트(가장 오래된 인스턴스화 컨텍스트)가
          E:\GameEngine\LulludensEngine\Engine\FrameResource.cpp(11,24):
          컴파일되는 함수 템플릿 인스턴스화 'std::unique_ptr<UploadBuffer<MaterialData>,std::default_delete<UploadBuffer<MaterialData>>> std::make_unique<UploadBuffer<MaterialData>,ID3D12Device*&,UINT&,bool,0>(ID3D12Device *&,UINT &,bool &&)'에 대한 참조를 확인하세요.
          C:\Program Files\Microsoft Visual Studio\2022\Community\VC\Tools\MSVC\14.44.35207\include\memory(3630,32):
          컴파일되는 클래스 템플릿 인스턴스화 'UploadBuffer<MaterialData>'에 대한 참조를 확인하세요.
          E:\GameEngine\LulludensEngine\Common\UploadBuffer.h(9,5):
          클래스 템플릿 멤버 함수 'UploadBuffer<MaterialData>::UploadBuffer(ID3D12Device *,UINT,bool)'을(를) 컴파일하는 중입니다.
              C:\Program Files\Microsoft Visual Studio\2022\Community\VC\Tools\MSVC\14.44.35207\include\memory(3630,5):
              'std::make_unique'에서 'UploadBuffer<MaterialData>::UploadBuffer'에 대한 첫 번째 참조를 확인하세요.
  
  LoadM3d.cpp
  LulludensApp.cpp
E:\GameEngine\LulludensEngine\Engine\LulludensApp.cpp(135,30): error C2664: 'HANDLE CreateEventExW(LPSECURITY_ATTRIBUTES,LPCWSTR,DWORD,DWORD)': 인수 2을(를) 'bool'에서 'LPCWSTR'(으)로 변환할 수 없습니다.
      E:\GameEngine\LulludensEngine\Engine\LulludensApp.cpp(135,53):
      정수 계열 형식에서 포인터 형식으로 변환하려면 reinterpret_cast, C 스타일 캐스트 또는 괄호가 있는 함수 스타일 캐스트가 필요합니다.
      C:\Program Files (x86)\Windows Kits\10\Include\10.0.26100.0\um\synchapi.h(609,1):
      'CreateEventExW' 선언을 참조하십시오.
      E:\GameEngine\LulludensEngine\Engine\LulludensApp.cpp(135,30):
      인수 목록 '(nullptr, bool, bool, long)'을(를) 일치시키는 동안
  
E:\GameEngine\LulludensEngine\Engine\LulludensApp.cpp(240,90): error C2102: '&'에 l-value가 있어야 합니다.
E:\GameEngine\LulludensEngine\Engine\LulludensApp.cpp(240,63): error C2102: '&'에 l-value가 있어야 합니다.
E:\GameEngine\LulludensEngine\Engine\LulludensApp.cpp(232,75): error C2102: '&'에 l-value가 있어야 합니다.
E:\GameEngine\LulludensEngine\Engine\LulludensApp.cpp(272,75): error C2102: '&'에 l-value가 있어야 합니다.
E:\GameEngine\LulludensEngine\Engine\LulludensApp.cpp(463,60): error C2102: '&'에 l-value가 있어야 합니다.
E:\GameEngine\LulludensEngine\Engine\LulludensApp.cpp(464,60): error C2102: '&'에 l-value가 있어야 합니다.
E:\GameEngine\LulludensEngine\Engine\LulludensApp.cpp(465,64): error C2102: '&'에 l-value가 있어야 합니다.
E:\GameEngine\LulludensEngine\Engine\LulludensApp.cpp(510,60): error C2102: '&'에 l-value가 있어야 합니다.
E:\GameEngine\LulludensEngine\Engine\LulludensApp.cpp(511,60): error C2102: '&'에 l-value가 있어야 합니다.
E:\GameEngine\LulludensEngine\Engine\LulludensApp.cpp(512,64): error C2102: '&'에 l-value가 있어야 합니다.
E:\GameEngine\LulludensEngine\Engine\LulludensApp.cpp(1558,69): error C2102: '&'에 l-value가 있어야 합니다.
E:\GameEngine\LulludensEngine\Engine\LulludensApp.cpp(1559,60): error C2102: '&'에 l-value가 있어야 합니다.
E:\GameEngine\LulludensEngine\Engine\LulludensApp.cpp(1582,58): error C2102: '&'에 l-value가 있어야 합니다.
E:\GameEngine\LulludensEngine\Engine\LulludensApp.cpp(1583,64): error C2102: '&'에 l-value가 있어야 합니다.
E:\GameEngine\LulludensEngine\Engine\LulludensApp.cpp(1586,75): error C2102: '&'에 l-value가 있어야 합니다.
E:\GameEngine\LulludensEngine\Engine\LulludensApp.cpp(1594,73): error C2102: '&'에 l-value가 있어야 합니다.
E:\GameEngine\LulludensEngine\Engine\LulludensApp.cpp(1609,75): error C2102: '&'에 l-value가 있어야 합니다.
E:\GameEngine\LulludensEngine\Engine\LulludensApp.cpp(1631,79): error C2102: '&'에 l-value가 있어야 합니다.
E:\GameEngine\LulludensEngine\Engine\LulludensApp.cpp(1622,75): error C2102: '&'에 l-value가 있어야 합니다.
E:\GameEngine\LulludensEngine\Engine\LulludensApp.cpp(1644,75): error C2102: '&'에 l-value가 있어야 합니다.
  ShadowMap.cpp
E:\GameEngine\LulludensEngine\Engine\ShadowMap.cpp(131,2): error C2102: '&'에 l-value가 있어야 합니다.
  SkinnedData.cpp
E:\GameEngine\LulludensEngine\Engine\SkinnedData.cpp(127,28): warning C4267: 'return': 'size_t'에서 'UINT'(으)로 변환하면서 데이터가 손실될 수 있습니다.
E:\GameEngine\LulludensEngine\Engine\SkinnedData.cpp(141,16): warning C4267: '초기화 중': 'size_t'에서 'UINT'(으)로 변환하면서 데이터가 손실될 수 있습니다.
  Ssao.cpp
E:\GameEngine\LulludensEngine\Engine\Ssao.cpp(200,70): error C2102: '&'에 l-value가 있어야 합니다.
E:\GameEngine\LulludensEngine\Engine\Ssao.cpp(229,70): error C2102: '&'에 l-value가 있어야 합니다.
E:\GameEngine\LulludensEngine\Engine\Ssao.cpp(272,70): error C2102: '&'에 l-value가 있어야 합니다.
E:\GameEngine\LulludensEngine\Engine\Ssao.cpp(295,70): error C2102: '&'에 l-value가 있어야 합니다.
E:\GameEngine\LulludensEngine\Engine\Ssao.cpp(323,5): error C2102: '&'에 l-value가 있어야 합니다.
E:\GameEngine\LulludensEngine\Engine\Ssao.cpp(339,5): error C2102: '&'에 l-value가 있어야 합니다.
E:\GameEngine\LulludensEngine\Engine\Ssao.cpp(347,5): error C2102: '&'에 l-value가 있어야 합니다.
E:\GameEngine\LulludensEngine\Engine\Ssao.cpp(372,5): error C2102: '&'에 l-value가 있어야 합니다.
E:\GameEngine\LulludensEngine\Engine\Ssao.cpp(388,5): error C2102: '&'에 l-value가 있어야 합니다.
E:\GameEngine\LulludensEngine\Engine\Ssao.cpp(419,70): error C2102: '&'에 l-value가 있어야 합니다.
E:\GameEngine\LulludensEngine\Engine\Ssao.cpp(423,70): error C2102: '&'에 l-value가 있어야 합니다.
  코드를 생성하고 있습니다...
